[2026-06-01 10:07:57] [INFO] === Smart Home Central Hub Starting ===
[2026-06-01 10:07:57] [INFO] Device 1 booting up...
[2026-06-01 10:07:57] [INFO] Device 3 booting up...
[2026-06-01 10:07:57] [INFO] Device 2 booting up...
[2026-06-01 10:07:57] [INFO] Device 4 booting up...
[2026-06-01 10:07:57] [INFO] Device 5 booting up...
[2026-06-01 10:07:57] [INFO] Device 6 booting up...
[2026-06-01 10:07:57] [INFO] Device 7 booting up...
[2026-06-01 10:07:57] [INFO] Device 8 booting up...
[2026-06-01 10:07:57] [INFO] Device 10 booting up...
[2026-06-01 10:07:57] [INFO] Device 9 booting up...
[2026-06-01 10:07:57] [DEBUG] Device 1 ping successful.
[2026-06-01 10:07:57] [DEBUG] Device 3 ping successful.
[2026-06-01 10:07:57] [WARNING] Device 2 experiencing high latency.
[2026-06-01 10:07:57] [WARNING] Device 4 experiencing high latency.
[2026-06-01 10:07:57] [DEBUG] Device 5 ping successful.
[2026-06-01 10:07:57] [DEBUG] Device 9 ping successful.
[2026-06-01 10:07:57] [DEBUG] Device 7 ping successful.
[2026-06-01 10:07:57] [WARNING] Device 8 experiencing high latency.
[2026-06-01 10:07:57] [WARNING] Device 10 experiencing high latency.
[2026-06-01 10:07:57] [WARNING] Device 6 experiencing high latency.
[2026-06-01 10:07:57] [INFO] Device 1 entering sleep mode.
[2026-06-01 10:07:57] [INFO] Device 2 entering sleep mode.
[2026-06-01 10:07:57] [INFO] Device 3 entering sleep mode.
[2026-06-01 10:07:57] [INFO] Device 5 entering sleep mode.
[2026-06-01 10:07:57] [INFO] Device 4 entering sleep mode.
[2026-06-01 10:07:57] [INFO] Device 9 entering sleep mode.
[2026-06-01 10:07:57] [INFO] Device 7 entering sleep mode.
[2026-06-01 10:07:57] [INFO] Device 8 entering sleep mode.
[2026-06-01 10:07:57] [INFO] Device 10 entering sleep mode.
[2026-06-01 10:07:57] [INFO] Device 6 entering sleep mode.
[2026-06-01 10:07:57] [INFO] === Smart Home  Central Hub Shutdown Complete ===
